#-----------------------------------------------------------
# Vivado v2023.2 (64-bit)
# SW Build 4029153 on Fri Oct 13 20:14:34 MDT 2023
# IP Build 4028589 on Sat Oct 14 00:45:43 MDT 2023
# SharedData Build 4025554 on Tue Oct 10 17:18:54 MDT 2023
# Start of session at: Tue Nov 28 18:13:28 2023
# Process ID: 18020
# Current directory: C:/Users/mz239/Desktop/startover/elec3342_prj_tmpl
# Command line: vivado.exe -gui_launcher_event rodinguilauncherevent21324 C:\Users\mz239\Desktop\startover\elec3342_prj_tmpl\elec3342_prj_tmpl.xpr
# Log file: C:/Users/mz239/Desktop/startover/elec3342_prj_tmpl/vivado.log
# Journal file: C:/Users/mz239/Desktop/startover/elec3342_prj_tmpl\vivado.jou
# Running On: LAPTOP-FRV2A7ED, OS: Windows, CPU Frequency: 3294 MHz, CPU Physical cores: 16, Host memory: 14888 MB
#-----------------------------------------------------------
start_gui
open_project C:/Users/mz239/Desktop/startover/elec3342_prj_tmpl/elec3342_prj_tmpl.xpr
upgrade_project -migrate_output_products
update_compile_order -fileset sources_1
launch_simulation
source sim_top_tb.tcl
current_wave_config {Untitled 1}
add_wave {{/sim_top_tb/sim_top_inst/symb_det_inst}} 
current_wave_config {Untitled 1}
add_wave {{/sim_top_tb/sim_top_inst/mcdecoder_inst}} 
run 10 ms
launch_runs impl_1 -to_step write_bitstream -jobs 8
wait_on_run impl_1
open_hw_manager
connect_hw_server -allow_non_jtag
connect_hw_server -allow_non_jtag
connect_hw_server -allow_non_jtag
connect_hw_server -allow_non_jtag
connect_hw_server -allow_non_jtag
connect_hw_server -allow_non_jtag
connect_hw_server -allow_non_jtag
connect_hw_server -allow_non_jtag
connect_hw_server -allow_non_jtag
save_wave_config {C:/Users/mz239/Desktop/startover/elec3342_prj_tmpl/sim_top_tb_behav.wcfg}
add_files -fileset sim_1 -norecurse C:/Users/mz239/Desktop/startover/elec3342_prj_tmpl/sim_top_tb_behav.wcfg
set_property xsim.view C:/Users/mz239/Desktop/startover/elec3342_prj_tmpl/sim_top_tb_behav.wcfg [get_filesets sim_1]
close_sim
